Removed Pin From Net: NetName=+24V_PR Pin=C2-1
Removed Pin From Net: NetName=GND Pin=C2-2
Removed Pin From Net: NetName=GND Pin=C4-1
Removed Pin From Net: NetName=+24V_PR Pin=C4-2
Removed Pin From Net: NetName=GND Pin=C5-1
Removed Pin From Net: NetName=+24V_PR Pin=C5-2
Removed Pin From Net: NetName=NetC3_2 Pin=D1-1
Removed Pin From Net: NetName=GND Pin=D1-2
Removed Member From Class: ClassName=03_POWER Member=C11
Removed Member From Class: ClassName=03_POWER Member=C12
Removed Member From Class: ClassName=03_POWER Member=C13
Removed Member From Class: ClassName=04_CAN Member=R16
Removed Member From Class: ClassName=04_CAN Member=R19
Removed Member From Class: ClassName=04_CAN Member=U7
Change Component Footprint: Designator=C1 Old Footprint=CAP_EEEFT1H221AV New Footprint=CAP_EEEFK1K470P
Change Component Footprint: Designator=D1 Old Footprint=DIONM9059X262N New Footprint=DIONM7959X262N
Change Component Comment : Designator=C1 Old Comment=220uF 50V New Comment=47uF 80V
Change Component Comment : Designator=F1 Old Comment=0452005.MRL New Comment=0452002.MRL
Change Component Comment : Designator=D1 Old Comment=SMDJ24CA New Comment=SMDJ33CA
Change Component Designator: OldDesignator=C3 NewDesignator=C2
Change Component Designator: OldDesignator=C6 NewDesignator=C3
Change Component Designator: OldDesignator=C7 NewDesignator=C4
Change Component Designator: OldDesignator=C8 NewDesignator=C5
Change Component Designator: OldDesignator=C9 NewDesignator=C6
Change Component Designator: OldDesignator=C10 NewDesignator=C7
Change Component Designator: OldDesignator=C11 NewDesignator=C8
Change Component Designator: OldDesignator=C12 NewDesignator=C9
Change Component Designator: OldDesignator=C13 NewDesignator=C10
Change Component Designator: OldDesignator=C14 NewDesignator=C11
Change Component Designator: OldDesignator=C15 NewDesignator=C12
Change Component Designator: OldDesignator=C16 NewDesignator=C13
Change Component Designator: OldDesignator=C17 NewDesignator=C14
Change Component Designator: OldDesignator=C18 NewDesignator=C15
Change Component Designator: OldDesignator=C19 NewDesignator=C16
Change Component Designator: OldDesignator=C20 NewDesignator=C17
Change Component Designator: OldDesignator=C21 NewDesignator=C18
Change Component Designator: OldDesignator=C22 NewDesignator=C19
Change Component Designator: OldDesignator=C23 NewDesignator=C20
Change Component Designator: OldDesignator=C24 NewDesignator=C21
Change Component Designator: OldDesignator=C25 NewDesignator=C22
Change Component Designator: OldDesignator=C26 NewDesignator=C23
Change Component Designator: OldDesignator=C27 NewDesignator=C24
Change Component Designator: OldDesignator=C28 NewDesignator=C25
Change Component Designator: OldDesignator=C29 NewDesignator=C26
Change Component Designator: OldDesignator=C30 NewDesignator=C27
Change Component Designator: OldDesignator=C31 NewDesignator=C28
Change Component Designator: OldDesignator=C32 NewDesignator=C29
Change Component Designator: OldDesignator=C33 NewDesignator=C30
Change Component Designator: OldDesignator=C34 NewDesignator=C31
Change Component Designator: OldDesignator=C35 NewDesignator=C32
Change Component Designator: OldDesignator=C36 NewDesignator=C33
Change Component Designator: OldDesignator=C37 NewDesignator=C34
Change Component Designator: OldDesignator=C38 NewDesignator=C35
Change Component Designator: OldDesignator=C39 NewDesignator=C36
Change Component Designator: OldDesignator=C40 NewDesignator=C37
Change Component Designator: OldDesignator=C41 NewDesignator=C38
Change Component Designator: OldDesignator=C42 NewDesignator=C39
Change Component Designator: OldDesignator=C43 NewDesignator=C40
Change Component Designator: OldDesignator=C44 NewDesignator=C41
Change Component Designator: OldDesignator=C45 NewDesignator=C42
Change Component Designator: OldDesignator=C46 NewDesignator=C43
Change Component Designator: OldDesignator=C47 NewDesignator=C44
Change Component Designator: OldDesignator=C48 NewDesignator=C45
Change Component Designator: OldDesignator=C49 NewDesignator=C46
Change Component Designator: OldDesignator=C50 NewDesignator=C47
Change Component Designator: OldDesignator=C51 NewDesignator=C48
Change Component Designator: OldDesignator=C52 NewDesignator=C49
Change Component Designator: OldDesignator=C53 NewDesignator=C50
Change Component Designator: OldDesignator=C54 NewDesignator=C51
Change Component Designator: OldDesignator=C55 NewDesignator=C52
Change Component Designator: OldDesignator=C56 NewDesignator=C53
Change Component Designator: OldDesignator=C57 NewDesignator=C54
Change Component Designator: OldDesignator=C58 NewDesignator=C55
Change component parameters: Designator = "C1" ("C1"); Footprint = "CAP_EEEFT1H221AV"; UniqueID = "\ABNBWRSZ" ("\ABNBWRSZ")
Change component parameters (AddParameter): Name = "Manufacturer"; Value = "Panasonic Industry"; VariantName = "[No Variations]"
Change component parameters (AddParameter): Name = "Supplier"; Value = "Digi; PCE3831DKR-ND"; VariantName = "[No Variations]"
Change component parameters: Designator = "D1" ("D1"); Footprint = "DIONM9059X262N"; UniqueID = "\XKGERLCL" ("\XKGERLCL")
Change component parameters (AddParameter): Name = "Manufacturer"; Value = "Littelfuse Inc."; VariantName = "[No Variations]"
Change component parameters (AddParameter): Name = "Supplier"; Value = "Digi; SMDJ33CADKR-ND"; VariantName = "[No Variations]"
Change component parameters: Designator = "F1" ("F1"); Footprint = "FUSC6127X294N"; UniqueID = "\OITZBPYF" ("\OITZBPYF")
Change component parameters (AddParameter): Name = "Manufacturer"; Value = "Littelfuse Inc."; VariantName = "[No Variations]"
Change component parameters (AddParameter): Name = "Supplier"; Value = "Digi; F2602DKR-ND"; VariantName = "[No Variations]"
Added Pin To Net: NetName=GND Pin=D1-1
Added Pin To Net: NetName=NetC3_2 Pin=D1-2
Added Pin To Net: NetName=NetC6_2 Pin=U4-11
Change Net Name : Old Net Name=NetC3_1 New Net Name=NetC2_1
Change Net Name : Old Net Name=NetC3_2 New Net Name=NetC2_2
Change Net Name : Old Net Name=NetC6_2 New Net Name=NetC3_2
Change Net Name : Old Net Name=NetC7_1 New Net Name=NetC4_1
Change Net Name : Old Net Name=NetC7_2 New Net Name=NetC4_2
Change Net Name : Old Net Name=NetC32_2 New Net Name=NetC29_2
Change Net Name : Old Net Name=NetC33_2 New Net Name=NetC30_2
Change Net Name : Old Net Name=NetC37_2 New Net Name=NetC34_2
Change Net Name : Old Net Name=NetC39_2 New Net Name=NetC36_2
Change Net Name : Old Net Name=NetC41_2 New Net Name=NetC38_2
Change Net Name : Old Net Name=NetC43_2 New Net Name=NetC40_2
Change Net Name : Old Net Name=NetC45_2 New Net Name=NetC42_2
Change Net Name : Old Net Name=NetC48_1 New Net Name=NetC45_1
Change Net Name : Old Net Name=NetC53_1 New Net Name=NetC50_1
Added Member To Class: ClassName=04_CAN Member=Component C21 47pF
Added Member To Class: ClassName=04_CAN Member=Component C23 100nF
Added Member To Class: ClassName=04_CAN Member=Component R14 56 Ohms
Added Member To Class: ClassName=04_CAN Member=Component R15 330 Ohms
Added Member To Class: ClassName=06_NFC Member=Component R16 10 kOhms
Added Member To Class: ClassName=06_NFC Member=Component R17 10 kOhms
Added Member To Class: ClassName=04_CAN Member=Component U6 CPC1014NTR
