Removed Member From Class: ClassName=05_MCU Member=2
Removed Member From Class: ClassName=03_POWER Member=C37
Removed Member From Class: ClassName=03_POWER Member=C38
Removed Member From Class: ClassName=03_POWER Member=C51
Removed Member From Class: ClassName=05_MCU Member=J7
Removed Member From Class: ClassName=05_MCU Member=J8
Removed Member From Class: ClassName=03_POWER Member=TP6
Removed Member From Class: ClassName=03_POWER Member=U4
Change Component Designator: OldDesignator=C1 NewDesignator=C11
Change Component Designator: OldDesignator=C2 NewDesignator=C12
Change Component Designator: OldDesignator=C3 NewDesignator=C13
Change Component Designator: OldDesignator=C4 NewDesignator=C14
Change Component Designator: OldDesignator=C5 NewDesignator=C15
Change Component Designator: OldDesignator=C6 NewDesignator=C16
Change Component Designator: OldDesignator=C7 NewDesignator=C17
Change Component Designator: OldDesignator=C8 NewDesignator=C18
Change Component Designator: OldDesignator=C9 NewDesignator=C19
Change Component Designator: OldDesignator=C10 NewDesignator=C20
Change Component Designator: OldDesignator=C11 NewDesignator=C21
Change Component Designator: OldDesignator=C12 NewDesignator=C22
Change Component Designator: OldDesignator=C13 NewDesignator=C23
Change Component Designator: OldDesignator=C14 NewDesignator=C26
Change Component Designator: OldDesignator=C15 NewDesignator=C25
Change Component Designator: OldDesignator=C16 NewDesignator=C24
Change Component Designator: OldDesignator=C17 NewDesignator=C27
Change Component Designator: OldDesignator=C18 NewDesignator=C30
Change Component Designator: OldDesignator=C19 NewDesignator=C28
Change Component Designator: OldDesignator=C20 NewDesignator=C29
Change Component Designator: OldDesignator=C21 NewDesignator=C31
Change Component Designator: OldDesignator=C22 NewDesignator=C35
Change Component Designator: OldDesignator=C23 NewDesignator=C36
Change Component Designator: OldDesignator=C24 NewDesignator=C34
Change Component Designator: OldDesignator=C25 NewDesignator=C37
Change Component Designator: OldDesignator=C26 NewDesignator=C38
Change Component Designator: OldDesignator=C27 NewDesignator=C39
Change Component Designator: OldDesignator=C28 NewDesignator=C40
Change Component Designator: OldDesignator=C29 NewDesignator=C41
Change Component Designator: OldDesignator=C30 NewDesignator=C42
Change Component Designator: OldDesignator=C31 NewDesignator=C43
Change Component Designator: OldDesignator=C34 NewDesignator=C44
Change Component Designator: OldDesignator=C35 NewDesignator=C45
Change Component Designator: OldDesignator=C36 NewDesignator=C46
Change Component Designator: OldDesignator=C37 NewDesignator=C1
Change Component Designator: OldDesignator=C38 NewDesignator=C2
Change Component Designator: OldDesignator=C39 NewDesignator=C47
Change Component Designator: OldDesignator=C40 NewDesignator=C48
Change Component Designator: OldDesignator=C41 NewDesignator=C49
Change Component Designator: OldDesignator=C42 NewDesignator=C50
Change Component Designator: OldDesignator=C43 NewDesignator=C51
Change Component Designator: OldDesignator=C44 NewDesignator=C52
Change Component Designator: OldDesignator=C45 NewDesignator=C53
Change Component Designator: OldDesignator=C46 NewDesignator=C54
Change Component Designator: OldDesignator=C47 NewDesignator=C55
Change Component Designator: OldDesignator=C48 NewDesignator=C56
Change Component Designator: OldDesignator=C49 NewDesignator=C57
Change Component Designator: OldDesignator=C50 NewDesignator=C58
Change Component Designator: OldDesignator=C51 NewDesignator=C3
Change Component Designator: OldDesignator=C52 NewDesignator=C4
Change Component Designator: OldDesignator=C53 NewDesignator=C5
Change Component Designator: OldDesignator=C54 NewDesignator=C6
Change Component Designator: OldDesignator=C55 NewDesignator=C7
Change Component Designator: OldDesignator=C56 NewDesignator=C8
Change Component Designator: OldDesignator=C57 NewDesignator=C9
Change Component Designator: OldDesignator=C58 NewDesignator=C10
Change Component Designator: OldDesignator=D1 NewDesignator=D3
Change Component Designator: OldDesignator=D2 NewDesignator=D4
Change Component Designator: OldDesignator=D3 NewDesignator=D5
Change Component Designator: OldDesignator=D4 NewDesignator=D1
Change Component Designator: OldDesignator=D5 NewDesignator=D2
Change Component Designator: OldDesignator=J5 NewDesignator=J4
Change Component Designator: OldDesignator=L1 NewDesignator=L2
Change Component Designator: OldDesignator=L2 NewDesignator=L3
Change Component Designator: OldDesignator=L3 NewDesignator=L1
Change Component Designator: OldDesignator=R1 NewDesignator=R6
Change Component Designator: OldDesignator=R2 NewDesignator=R7
Change Component Designator: OldDesignator=R3 NewDesignator=R8
Change Component Designator: OldDesignator=R4 NewDesignator=R9
Change Component Designator: OldDesignator=R5 NewDesignator=R10
Change Component Designator: OldDesignator=R6 NewDesignator=R11
Change Component Designator: OldDesignator=R7 NewDesignator=R12
Change Component Designator: OldDesignator=R8 NewDesignator=R1
Change Component Designator: OldDesignator=R9 NewDesignator=R2
Change Component Designator: OldDesignator=R10 NewDesignator=R13
Change Component Designator: OldDesignator=R11 NewDesignator=R16
Change Component Designator: OldDesignator=R12 NewDesignator=R17
Change Component Designator: OldDesignator=R13 NewDesignator=R14
Change Component Designator: OldDesignator=R14 NewDesignator=R15
Change Component Designator: OldDesignator=R15 NewDesignator=R3
Change Component Designator: OldDesignator=R16 NewDesignator=R4
Change Component Designator: OldDesignator=R17 NewDesignator=R5
Change Component Designator: OldDesignator=TP1 NewDesignator=TP5
Change Component Designator: OldDesignator=TP2 NewDesignator=TP1
Change Component Designator: OldDesignator=TP3 NewDesignator=TP2
Change Component Designator: OldDesignator=TP4 NewDesignator=TP3
Change Component Designator: OldDesignator=TP6 NewDesignator=TP4
Change Component Designator: OldDesignator=U1 NewDesignator=U3
Change Component Designator: OldDesignator=U2 NewDesignator=U4
Change Component Designator: OldDesignator=U3 NewDesignator=U5
Change Component Designator: OldDesignator=U4 NewDesignator=U1
Change Component Designator: OldDesignator=U5 NewDesignator=U6
Change Component Designator: OldDesignator=U6 NewDesignator=U7
Change Component Designator: OldDesignator=U7 NewDesignator=U2
Change Net Name : Old Net Name=NetC25_2 New Net Name=NetC37_2
Change Net Name : Old Net Name=NetC27_2 New Net Name=NetC39_2
Change Net Name : Old Net Name=NetC29_2 New Net Name=NetC41_2
Change Net Name : Old Net Name=NetC31_2 New Net Name=NetC43_2
Change Net Name : Old Net Name=NetC35_2 New Net Name=NetC45_2
Change Net Name : Old Net Name=NetC40_1 New Net Name=NetC48_1
Change Net Name : Old Net Name=NetC45_1 New Net Name=NetC53_1
Change Net Name : Old Net Name=NetC51_1 New Net Name=NetC3_1
Change Net Name : Old Net Name=NetC51_2 New Net Name=NetC3_2
Change Net Name : Old Net Name=NetC54_2 New Net Name=NetC6_2
Change Net Name : Old Net Name=NetC55_1 New Net Name=NetC7_1
Change Net Name : Old Net Name=NetC55_2 New Net Name=NetC7_2
Change Net Name : Old Net Name=NetD1_1 New Net Name=NetD3_1
Change Net Name : Old Net Name=NetD2_1 New Net Name=NetD4_1
Change Net Name : Old Net Name=NetD5_1 New Net Name=NetD2_1
Change Net Name : Old Net Name=NetJ5_1 New Net Name=NetJ4_1
Change Net Name : Old Net Name=NetJ5_2 New Net Name=NetJ4_2
Change Net Name : Old Net Name=NetR15_1 New Net Name=NetR3_1
Added Member To Class: ClassName=03_POWER Member=Component C11 1 µF
Added Member To Class: ClassName=03_POWER Member=Component C12 10 µF
Added Member To Class: ClassName=03_POWER Member=Component C13 GCM188R71H104KA57J
Added Member To Class: ClassName=03_POWER Member=Component TP5 Testpoint
Added Member To Class: ClassName=03_POWER Member=Component U3 AP2112K-3.3TRG1
