Change Component Designator: Old Designator=C27 New Designator=C38
Change Component Designator: Old Designator=C33 New Designator=C31
Change Component Designator: Old Designator=C34 New Designator=C32
Change Component Designator: Old Designator=C35 New Designator=C33
Change Component Designator: Old Designator=C36 New Designator=C34
Change Component Designator: Old Designator=C37 New Designator=C35
Change Component Designator: Old Designator=C38 New Designator=C36
Change Component Designator: Old Designator=C39 New Designator=C37
Change Component Designator: Old Designator=C40 New Designator=C39
Change Component Designator: Old Designator=C41 New Designator=C40
Change Component Designator: Old Designator=D13 New Designator=D28
Change Component Designator: Old Designator=D14 New Designator=D29
Change Component Designator: Old Designator=D15 New Designator=D30
Change Component Designator: Old Designator=D16 New Designator=D31
Change Component Designator: Old Designator=D17 New Designator=D32
Change Component Designator: Old Designator=D18 New Designator=D33
Change Component Designator: Old Designator=D19 New Designator=D34
Change Component Designator: Old Designator=D20 New Designator=D35
Change Component Designator: Old Designator=D21 New Designator=D36
Change Component Designator: Old Designator=J11 New Designator=J10
Change Component Designator: Old Designator=R41 New Designator=R43
Change Component Designator: Old Designator=R42 New Designator=R44
Change Component Designator: Old Designator=R45 New Designator=R46
Change Component Designator: Old Designator=R46 New Designator=R47
Change Component Designator: Old Designator=R47 New Designator=R48
Change Component Designator: Old Designator=R48 New Designator=R49
Change Component Designator: Old Designator=R49 New Designator=R50
Change Component Designator: Old Designator=R50 New Designator=R51
Change Component Designator: Old Designator=R51 New Designator=R52
Change Component Designator: Old Designator=R52 New Designator=R53
Change Component Designator: Old Designator=R53 New Designator=R54
Change Component Designator: Old Designator=R71 New Designator=R45
Change Component Designator: Old Designator=SW9 New Designator=SW8
