Removed Pin From Net: NetName=GND Pin=D29-1
Removed Pin From Net: NetName=NetD29_2 Pin=D29-2
Removed Pin From Net: NetName=GND Pin=D30-1
Removed Pin From Net: NetName=NetD30_2 Pin=D30-2
Removed Pin From Net: NetName=GND Pin=D31-1
Removed Pin From Net: NetName=NetD31_2 Pin=D31-2
Removed Pin From Net: NetName=GND Pin=D32-1
Removed Pin From Net: NetName=NetD32_2 Pin=D32-2
Removed Pin From Net: NetName=GND Pin=D33-1
Removed Pin From Net: NetName=NetD33_2 Pin=D33-2
Removed Pin From Net: NetName=GND Pin=D34-1
Removed Pin From Net: NetName=NetD34_2 Pin=D34-2
Removed Pin From Net: NetName=GND Pin=D35-1
Removed Pin From Net: NetName=NetD35_2 Pin=D35-2
Removed Pin From Net: NetName=LANE_OUT1 Pin=J1-1
Removed Pin From Net: NetName=GND Pin=J1-2
Removed Pin From Net: NetName=NetD5_1 Pin=J1-3
Removed Pin From Net: NetName=LANE_OUT2 Pin=J2-1
Removed Pin From Net: NetName=GND Pin=J2-2
Removed Pin From Net: NetName=NetD6_1 Pin=J2-3
Removed Pin From Net: NetName=LANE_OUT3 Pin=J3-1
Removed Pin From Net: NetName=GND Pin=J3-2
Removed Pin From Net: NetName=NetD11_1 Pin=J3-3
Removed Pin From Net: NetName=LANE_OUT4 Pin=J4-1
Removed Pin From Net: NetName=GND Pin=J4-2
Removed Pin From Net: NetName=NetD12_1 Pin=J4-3
Removed Pin From Net: NetName=LANE_OUT5 Pin=J5-1
Removed Pin From Net: NetName=GND Pin=J5-2
Removed Pin From Net: NetName=NetD17_1 Pin=J5-3
Removed Pin From Net: NetName=LANE_OUT6 Pin=J6-1
Removed Pin From Net: NetName=GND Pin=J6-2
Removed Pin From Net: NetName=NetD18_1 Pin=J6-3
Removed Pin From Net: NetName=LANE_OUT7 Pin=J7-1
Removed Pin From Net: NetName=GND Pin=J7-2
Removed Pin From Net: NetName=NetD21_1 Pin=J7-3
Removed Pin From Net: NetName=LANE1_LED Pin=R50-1
Removed Pin From Net: NetName=NetD29_2 Pin=R50-2
Removed Pin From Net: NetName=LANE2_LED Pin=R51-1
Removed Pin From Net: NetName=NetD30_2 Pin=R51-2
Removed Pin From Net: NetName=LANE3_LED Pin=R52-1
Removed Pin From Net: NetName=NetD31_2 Pin=R52-2
Removed Pin From Net: NetName=LANE4_LED Pin=R53-1
Removed Pin From Net: NetName=NetD32_2 Pin=R53-2
Removed Pin From Net: NetName=LANE5_LED Pin=R54-1
Removed Pin From Net: NetName=NetD33_2 Pin=R54-2
Removed Pin From Net: NetName=LANE6_LED Pin=R55-1
Removed Pin From Net: NetName=NetD34_2 Pin=R55-2
Removed Pin From Net: NetName=LANE7_LED Pin=R56-1
Removed Pin From Net: NetName=NetD35_2 Pin=R56-2
Change Component Description : Designator=S1 Old Description=Dip Switch, 0.025A, 24Vdc, 4 Pos, Smd Rohs Compliant: Yes New Description=Dip Switch, 0.025A, 24Vdc, 4 Pos, Smd Rohs Compliant: Yes |Wurth Elektronik 418121270804
Added Component: Designator=D29(LEDC2012X70N)
Add component (AddParameter): Name = "Manifacturer"; Value = "Würth Elektronik"; VariantName = "[No Variations]"
Add component (AddParameter): Name = "Supplier"; Value = "Digi; 732-4986-6-ND"; VariantName = "[No Variations]"
Added Component: Designator=D30(LEDC2012X70N)
Add component (AddParameter): Name = "Manifacturer"; Value = "Würth Elektronik"; VariantName = "[No Variations]"
Add component (AddParameter): Name = "Supplier"; Value = "Digi; 732-4986-6-ND"; VariantName = "[No Variations]"
Added Component: Designator=D31(LEDC2012X70N)
Add component (AddParameter): Name = "Manifacturer"; Value = "Würth Elektronik"; VariantName = "[No Variations]"
Add component (AddParameter): Name = "Supplier"; Value = "Digi; 732-4986-6-ND"; VariantName = "[No Variations]"
Added Component: Designator=D32(LEDC2012X70N)
Add component (AddParameter): Name = "Manifacturer"; Value = "Würth Elektronik"; VariantName = "[No Variations]"
Add component (AddParameter): Name = "Supplier"; Value = "Digi; 732-4986-6-ND"; VariantName = "[No Variations]"
Added Component: Designator=D33(LEDC2012X70N)
Add component (AddParameter): Name = "Manifacturer"; Value = "Würth Elektronik"; VariantName = "[No Variations]"
Add component (AddParameter): Name = "Supplier"; Value = "Digi; 732-4986-6-ND"; VariantName = "[No Variations]"
Added Component: Designator=D34(LEDC2012X70N)
Add component (AddParameter): Name = "Manifacturer"; Value = "Würth Elektronik"; VariantName = "[No Variations]"
Add component (AddParameter): Name = "Supplier"; Value = "Digi; 732-4986-6-ND"; VariantName = "[No Variations]"
Added Component: Designator=D35(LEDC2012X70N)
Add component (AddParameter): Name = "Manifacturer"; Value = "Würth Elektronik"; VariantName = "[No Variations]"
Add component (AddParameter): Name = "Supplier"; Value = "Digi; 732-4986-6-ND"; VariantName = "[No Variations]"
Added Component: Designator=J1(CONN_SD-43650-001_03_MOL/)
Add component (AddParameter): Name = "Manufacturer Part Number"; Value = "436500300"; VariantName = "[No Variations]"
Add component (AddParameter): Name = "Supplier"; Value = "Digi; WM1861-ND"; VariantName = "[No Variations]"
Added Component: Designator=J2(CONN_SD-43650-001_03_MOL/)
Add component (AddParameter): Name = "Manufacturer Part Number"; Value = "436500300"; VariantName = "[No Variations]"
Add component (AddParameter): Name = "Supplier"; Value = "Digi; WM1861-ND"; VariantName = "[No Variations]"
Added Component: Designator=J3(CONN_SD-43650-001_03_MOL/)
Add component (AddParameter): Name = "Manufacturer Part Number"; Value = "436500300"; VariantName = "[No Variations]"
Add component (AddParameter): Name = "Supplier"; Value = "Digi; WM1861-ND"; VariantName = "[No Variations]"
Added Component: Designator=J4(CONN_SD-43650-001_03_MOL/)
Add component (AddParameter): Name = "Manufacturer Part Number"; Value = "436500300"; VariantName = "[No Variations]"
Add component (AddParameter): Name = "Supplier"; Value = "Digi; WM1861-ND"; VariantName = "[No Variations]"
Added Component: Designator=J5(CONN_SD-43650-001_03_MOL/)
Add component (AddParameter): Name = "Manufacturer Part Number"; Value = "436500300"; VariantName = "[No Variations]"
Add component (AddParameter): Name = "Supplier"; Value = "Digi; WM1861-ND"; VariantName = "[No Variations]"
Added Component: Designator=J6(CONN_SD-43650-001_03_MOL/)
Add component (AddParameter): Name = "Manufacturer Part Number"; Value = "436500300"; VariantName = "[No Variations]"
Add component (AddParameter): Name = "Supplier"; Value = "Digi; WM1861-ND"; VariantName = "[No Variations]"
Added Component: Designator=J7(CONN_SD-43650-001_03_MOL/)
Add component (AddParameter): Name = "Manufacturer Part Number"; Value = "436500300"; VariantName = "[No Variations]"
Add component (AddParameter): Name = "Supplier"; Value = "Digi; WM1861-ND"; VariantName = "[No Variations]"
Added Component: Designator=R50(SMR0603)
Add component (AddParameter): Name = "LCSC Manufacturer Part Number"; Value = "RC0603FR-07100RL"; VariantName = "[No Variations]"
Add component (AddParameter): Name = "LCSC Part Number"; Value = "C105588"; VariantName = "[No Variations]"
Add component (AddParameter): Name = "Manufacturer Part Number"; Value = "RC0603FR-07100RL"; VariantName = "[No Variations]"
Add component (AddParameter): Name = "Order Code"; Value = "Digi: 311-100HRTR-ND"; VariantName = "[No Variations]"
Add component (AddParameter): Name = "Sirius Stock Code"; Value = ""; VariantName = "[No Variations]"
Add component (AddParameter): Name = "Value"; Value = "100R"; VariantName = "[No Variations]"
Added Component: Designator=R51(SMR0603)
Add component (AddParameter): Name = "LCSC Manufacturer Part Number"; Value = "RC0603FR-07100RL"; VariantName = "[No Variations]"
Add component (AddParameter): Name = "LCSC Part Number"; Value = "C105588"; VariantName = "[No Variations]"
Add component (AddParameter): Name = "Manufacturer Part Number"; Value = "RC0603FR-07100RL"; VariantName = "[No Variations]"
Add component (AddParameter): Name = "Order Code"; Value = "Digi: 311-100HRTR-ND"; VariantName = "[No Variations]"
Add component (AddParameter): Name = "Sirius Stock Code"; Value = ""; VariantName = "[No Variations]"
Add component (AddParameter): Name = "Value"; Value = "100R"; VariantName = "[No Variations]"
Added Component: Designator=R52(SMR0603)
Add component (AddParameter): Name = "LCSC Manufacturer Part Number"; Value = "RC0603FR-07100RL"; VariantName = "[No Variations]"
Add component (AddParameter): Name = "LCSC Part Number"; Value = "C105588"; VariantName = "[No Variations]"
Add component (AddParameter): Name = "Manufacturer Part Number"; Value = "RC0603FR-07100RL"; VariantName = "[No Variations]"
Add component (AddParameter): Name = "Order Code"; Value = "Digi: 311-100HRTR-ND"; VariantName = "[No Variations]"
Add component (AddParameter): Name = "Sirius Stock Code"; Value = ""; VariantName = "[No Variations]"
Add component (AddParameter): Name = "Value"; Value = "100R"; VariantName = "[No Variations]"
Added Component: Designator=R53(SMR0603)
Add component (AddParameter): Name = "LCSC Manufacturer Part Number"; Value = "RC0603FR-07100RL"; VariantName = "[No Variations]"
Add component (AddParameter): Name = "LCSC Part Number"; Value = "C105588"; VariantName = "[No Variations]"
Add component (AddParameter): Name = "Manufacturer Part Number"; Value = "RC0603FR-07100RL"; VariantName = "[No Variations]"
Add component (AddParameter): Name = "Order Code"; Value = "Digi: 311-100HRTR-ND"; VariantName = "[No Variations]"
Add component (AddParameter): Name = "Sirius Stock Code"; Value = ""; VariantName = "[No Variations]"
Add component (AddParameter): Name = "Value"; Value = "100R"; VariantName = "[No Variations]"
Added Component: Designator=R54(SMR0603)
Add component (AddParameter): Name = "LCSC Manufacturer Part Number"; Value = "RC0603FR-07100RL"; VariantName = "[No Variations]"
Add component (AddParameter): Name = "LCSC Part Number"; Value = "C105588"; VariantName = "[No Variations]"
Add component (AddParameter): Name = "Manufacturer Part Number"; Value = "RC0603FR-07100RL"; VariantName = "[No Variations]"
Add component (AddParameter): Name = "Order Code"; Value = "Digi: 311-100HRTR-ND"; VariantName = "[No Variations]"
Add component (AddParameter): Name = "Sirius Stock Code"; Value = ""; VariantName = "[No Variations]"
Add component (AddParameter): Name = "Value"; Value = "100R"; VariantName = "[No Variations]"
Added Component: Designator=R55(SMR0603)
Add component (AddParameter): Name = "LCSC Manufacturer Part Number"; Value = "RC0603FR-07100RL"; VariantName = "[No Variations]"
Add component (AddParameter): Name = "LCSC Part Number"; Value = "C105588"; VariantName = "[No Variations]"
Add component (AddParameter): Name = "Manufacturer Part Number"; Value = "RC0603FR-07100RL"; VariantName = "[No Variations]"
Add component (AddParameter): Name = "Order Code"; Value = "Digi: 311-100HRTR-ND"; VariantName = "[No Variations]"
Add component (AddParameter): Name = "Sirius Stock Code"; Value = ""; VariantName = "[No Variations]"
Add component (AddParameter): Name = "Value"; Value = "100R"; VariantName = "[No Variations]"
Added Component: Designator=R56(SMR0603)
Add component (AddParameter): Name = "LCSC Manufacturer Part Number"; Value = "RC0603FR-07100RL"; VariantName = "[No Variations]"
Add component (AddParameter): Name = "LCSC Part Number"; Value = "C105588"; VariantName = "[No Variations]"
Add component (AddParameter): Name = "Manufacturer Part Number"; Value = "RC0603FR-07100RL"; VariantName = "[No Variations]"
Add component (AddParameter): Name = "Order Code"; Value = "Digi: 311-100HRTR-ND"; VariantName = "[No Variations]"
Add component (AddParameter): Name = "Sirius Stock Code"; Value = ""; VariantName = "[No Variations]"
Add component (AddParameter): Name = "Value"; Value = "100R"; VariantName = "[No Variations]"
Added Pin To Net: NetName=GND Pin=D29-1
Added Pin To Net: NetName=NetD29_2 Pin=D29-2
Added Pin To Net: NetName=GND Pin=D30-1
Added Pin To Net: NetName=NetD30_2 Pin=D30-2
Added Pin To Net: NetName=GND Pin=D31-1
Added Pin To Net: NetName=NetD31_2 Pin=D31-2
Added Pin To Net: NetName=GND Pin=D32-1
Added Pin To Net: NetName=NetD32_2 Pin=D32-2
Added Pin To Net: NetName=GND Pin=D33-1
Added Pin To Net: NetName=NetD33_2 Pin=D33-2
Added Pin To Net: NetName=GND Pin=D34-1
Added Pin To Net: NetName=NetD34_2 Pin=D34-2
Added Pin To Net: NetName=GND Pin=D35-1
Added Pin To Net: NetName=NetD35_2 Pin=D35-2
Added Pin To Net: NetName=LANE_OUT1 Pin=J1-1
Added Pin To Net: NetName=GND Pin=J1-2
Added Pin To Net: NetName=NetD5_1 Pin=J1-3
Added Pin To Net: NetName=LANE_OUT2 Pin=J2-1
Added Pin To Net: NetName=GND Pin=J2-2
Added Pin To Net: NetName=NetD6_1 Pin=J2-3
Added Pin To Net: NetName=LANE_OUT3 Pin=J3-1
Added Pin To Net: NetName=GND Pin=J3-2
Added Pin To Net: NetName=NetD11_1 Pin=J3-3
Added Pin To Net: NetName=LANE_OUT4 Pin=J4-1
Added Pin To Net: NetName=GND Pin=J4-2
Added Pin To Net: NetName=NetD12_1 Pin=J4-3
Added Pin To Net: NetName=LANE_OUT5 Pin=J5-1
Added Pin To Net: NetName=GND Pin=J5-2
Added Pin To Net: NetName=NetD17_1 Pin=J5-3
Added Pin To Net: NetName=LANE_OUT6 Pin=J6-1
Added Pin To Net: NetName=GND Pin=J6-2
Added Pin To Net: NetName=NetD18_1 Pin=J6-3
Added Pin To Net: NetName=LANE_OUT7 Pin=J7-1
Added Pin To Net: NetName=GND Pin=J7-2
Added Pin To Net: NetName=NetD21_1 Pin=J7-3
Added Pin To Net: NetName=LANE1_LED Pin=R50-1
Added Pin To Net: NetName=NetD29_2 Pin=R50-2
Added Pin To Net: NetName=LANE2_LED Pin=R51-1
Added Pin To Net: NetName=NetD30_2 Pin=R51-2
Added Pin To Net: NetName=LANE3_LED Pin=R52-1
Added Pin To Net: NetName=NetD31_2 Pin=R52-2
Added Pin To Net: NetName=LANE4_LED Pin=R53-1
Added Pin To Net: NetName=NetD32_2 Pin=R53-2
Added Pin To Net: NetName=LANE5_LED Pin=R54-1
Added Pin To Net: NetName=NetD33_2 Pin=R54-2
Added Pin To Net: NetName=LANE6_LED Pin=R55-1
Added Pin To Net: NetName=NetD34_2 Pin=R55-2
Added Pin To Net: NetName=LANE7_LED Pin=R56-1
Added Pin To Net: NetName=NetD35_2 Pin=R56-2
