Removed Pin From Net: NetName=GND Pin=R4-1
Removed Pin From Net: NetName=NetR2_1 Pin=R4-2
Removed Pin From Net: NetName=GND Pin=R8-1
Removed Pin From Net: NetName=NetD27_1 Pin=R8-2
Removed Pin From Net: NetName=GND Pin=R10-1
Removed Pin From Net: NetName=NetD28_1 Pin=R10-2
Removed Pin From Net: NetName=SW_LANE4 Pin=R11-2
Removed Pin From Net: NetName=SW_LANE3 Pin=R12-2
Removed Pin From Net: NetName=GND Pin=R18-1
Removed Pin From Net: NetName=NetD31_1 Pin=R18-2
Removed Pin From Net: NetName=GND Pin=R20-1
Removed Pin From Net: NetName=NetD32_1 Pin=R20-2
Removed Pin From Net: NetName=SW_LANE5 Pin=R21-2
Removed Pin From Net: NetName=GND Pin=R23-1
Removed Pin From Net: NetName=GND Pin=R29-1
Removed Pin From Net: NetName=NetD35_1 Pin=R29-2
Removed Pin From Net: NetName=GND Pin=R31-1
Removed Pin From Net: NetName=NetD36_1 Pin=R31-2
Removed Pin From Net: NetName=GND Pin=R32-1
Removed Pin From Net: NetName=NetR27_1 Pin=R32-2
Removed Pin From Net: NetName=GND Pin=R35-1
Removed Pin From Net: NetName=NetD38_1 Pin=R35-2
Change Component Footprint: Designator=R8 Old Footprint=RES0603 New Footprint=RESIS_0603
Change Component Footprint: Designator=R10 Old Footprint=RES0603 New Footprint=RESIS_0603
Change Component Footprint: Designator=R18 Old Footprint=RES0603 New Footprint=RESIS_0603
Change Component Footprint: Designator=R20 Old Footprint=RES0603 New Footprint=RESIS_0603
Change Component Footprint: Designator=R29 Old Footprint=RES0603 New Footprint=RESIS_0603
Change Component Footprint: Designator=R31 Old Footprint=RES0603 New Footprint=RESIS_0603
Change Component Footprint: Designator=R35 Old Footprint=RES0603 New Footprint=RESIS_0603
Change Component Footprint: Designator=R1 Old Footprint=SMR0603 New Footprint=RESIS_0603
Change Component Footprint: Designator=R2 Old Footprint=SMR0603 New Footprint=RESIS_0603
Change Component Footprint: Designator=R3 Old Footprint=SMR0603 New Footprint=RESIS_0603
Change Component Footprint: Designator=R4 Old Footprint=SMR0603 New Footprint=RESIS_0603
Change Component Footprint: Designator=R11 Old Footprint=SMR0603 New Footprint=RESIS_0603
Change Component Footprint: Designator=R12 Old Footprint=SMR0603 New Footprint=RESIS_0603
Change Component Footprint: Designator=R13 Old Footprint=SMR0603 New Footprint=RESIS_0603
Change Component Footprint: Designator=R14 Old Footprint=SMR0603 New Footprint=RESIS_0603
Change Component Footprint: Designator=R21 Old Footprint=SMR0603 New Footprint=RESIS_0603
Change Component Footprint: Designator=R22 Old Footprint=SMR0603 New Footprint=RESIS_0603
Change Component Footprint: Designator=R23 Old Footprint=SMR0603 New Footprint=RESIS_0603
Change Component Footprint: Designator=R24 Old Footprint=SMR0603 New Footprint=RESIS_0603
Change Component Footprint: Designator=R27 Old Footprint=SMR0603 New Footprint=RESIS_0603
Change Component Footprint: Designator=R32 Old Footprint=SMR0603 New Footprint=RESIS_0603
Change Component Comment : Designator=R8 Old Comment=RES 10K OHM 1% 1/8W 0603 New Comment=10k %1
Change Component Comment : Designator=R10 Old Comment=RES 10K OHM 1% 1/8W 0603 New Comment=10k %1
Change Component Comment : Designator=R18 Old Comment=RES 10K OHM 1% 1/8W 0603 New Comment=10k %1
Change Component Comment : Designator=R20 Old Comment=RES 10K OHM 1% 1/8W 0603 New Comment=10k %1
Change Component Comment : Designator=R29 Old Comment=RES 10K OHM 1% 1/8W 0603 New Comment=10k %1
Change Component Comment : Designator=R31 Old Comment=RES 10K OHM 1% 1/8W 0603 New Comment=10k %1
Change Component Comment : Designator=R35 Old Comment=RES 10K OHM 1% 1/8W 0603 New Comment=10k %1
Change Component Comment : Designator=R1 Old Comment=RES 10K OHM 1% 1/10W 0603 New Comment=10k %1
Change Component Comment : Designator=R2 Old Comment=RES 10K OHM 1% 1/10W 0603 New Comment=10k %1
Change Component Comment : Designator=R3 Old Comment=RES 10K OHM 1% 1/10W 0603 New Comment=10k %1
Change Component Comment : Designator=R4 Old Comment=RES 10K OHM 1% 1/10W 0603 New Comment=10k %1
Change Component Comment : Designator=R11 Old Comment=RES 10K OHM 1% 1/10W 0603 New Comment=10k %1
Change Component Comment : Designator=R12 Old Comment=RES 10K OHM 1% 1/10W 0603 New Comment=10k %1
Change Component Comment : Designator=R13 Old Comment=RES 10K OHM 1% 1/10W 0603 New Comment=10k %1
Change Component Comment : Designator=R14 Old Comment=RES 10K OHM 1% 1/10W 0603 New Comment=10k %1
Change Component Comment : Designator=R21 Old Comment=RES 10K OHM 1% 1/10W 0603 New Comment=10k %1
Change Component Comment : Designator=R22 Old Comment=RES 10K OHM 1% 1/10W 0603 New Comment=10k %1
Change Component Comment : Designator=R23 Old Comment=RES 10K OHM 1% 1/10W 0603 New Comment=10k %1
Change Component Comment : Designator=R24 Old Comment=RES 10K OHM 1% 1/10W 0603 New Comment=10k %1
Change Component Comment : Designator=R27 Old Comment=RES 10K OHM 1% 1/10W 0603 New Comment=10k %1
Change Component Comment : Designator=R32 Old Comment=RES 10K OHM 1% 1/10W 0603 New Comment=10k %1
Change component parameters: Designator = "R1" ("R1"); Footprint = "SMR0603"; UniqueID = "\ANUSULZS" ("\ANUSULZS")
Change component parameters (AddParameter): Name = "Manufacturer"; Value = "UNI-ROYAL(Uniroyal Elec)"; VariantName = "[No Variations]"
Change component parameters (AddParameter): Name = "Supplier_JLCPCB"; Value = "C25804"; VariantName = "[No Variations]"
Change component parameters (AddParameter): Name = "Supplier_MOUSER"; Value = "303-0603WAF1002T5E"; VariantName = "[No Variations]"
Change component parameters: Designator = "R2" ("R2"); Footprint = "SMR0603"; UniqueID = "\UNEVAQXO" ("\UNEVAQXO")
Change component parameters (AddParameter): Name = "Manufacturer"; Value = "UNI-ROYAL(Uniroyal Elec)"; VariantName = "[No Variations]"
Change component parameters (AddParameter): Name = "Supplier_JLCPCB"; Value = "C25804"; VariantName = "[No Variations]"
Change component parameters (AddParameter): Name = "Supplier_MOUSER"; Value = "303-0603WAF1002T5E"; VariantName = "[No Variations]"
Change component parameters: Designator = "R3" ("R3"); Footprint = "SMR0603"; UniqueID = "\EPIDDROU" ("\EPIDDROU")
Change component parameters (AddParameter): Name = "Manufacturer"; Value = "UNI-ROYAL(Uniroyal Elec)"; VariantName = "[No Variations]"
Change component parameters (AddParameter): Name = "Supplier_JLCPCB"; Value = "C25804"; VariantName = "[No Variations]"
Change component parameters (AddParameter): Name = "Supplier_MOUSER"; Value = "303-0603WAF1002T5E"; VariantName = "[No Variations]"
Change component parameters: Designator = "R4" ("R4"); Footprint = "SMR0603"; UniqueID = "\VNJGHDEP" ("\VNJGHDEP")
Change component parameters (AddParameter): Name = "Manufacturer"; Value = "UNI-ROYAL(Uniroyal Elec)"; VariantName = "[No Variations]"
Change component parameters (AddParameter): Name = "Supplier_JLCPCB"; Value = "C25804"; VariantName = "[No Variations]"
Change component parameters (AddParameter): Name = "Supplier_MOUSER"; Value = "303-0603WAF1002T5E"; VariantName = "[No Variations]"
Change component parameters: Designator = "R8" ("R8"); Footprint = "RES0603"; UniqueID = "\ADFNVVDH" ("\ADFNVVDH")
Change component parameters (AddParameter): Name = "Manufacturer"; Value = "UNI-ROYAL(Uniroyal Elec)"; VariantName = "[No Variations]"
Change component parameters (AddParameter): Name = "Supplier_JLCPCB"; Value = "C25804"; VariantName = "[No Variations]"
Change component parameters (AddParameter): Name = "Supplier_MOUSER"; Value = "303-0603WAF1002T5E"; VariantName = "[No Variations]"
Change component parameters: Designator = "R10" ("R10"); Footprint = "RES0603"; UniqueID = "\IKWDFZYG" ("\IKWDFZYG")
Change component parameters (AddParameter): Name = "Manufacturer"; Value = "UNI-ROYAL(Uniroyal Elec)"; VariantName = "[No Variations]"
Change component parameters (AddParameter): Name = "Supplier_JLCPCB"; Value = "C25804"; VariantName = "[No Variations]"
Change component parameters (AddParameter): Name = "Supplier_MOUSER"; Value = "303-0603WAF1002T5E"; VariantName = "[No Variations]"
Change component parameters: Designator = "R11" ("R11"); Footprint = "SMR0603"; UniqueID = "\ZKBCBKLP" ("\ZKBCBKLP")
Change component parameters (AddParameter): Name = "Manufacturer"; Value = "UNI-ROYAL(Uniroyal Elec)"; VariantName = "[No Variations]"
Change component parameters (AddParameter): Name = "Supplier_JLCPCB"; Value = "C25804"; VariantName = "[No Variations]"
Change component parameters (AddParameter): Name = "Supplier_MOUSER"; Value = "303-0603WAF1002T5E"; VariantName = "[No Variations]"
Change component parameters: Designator = "R12" ("R12"); Footprint = "SMR0603"; UniqueID = "\XIDKYHWO" ("\XIDKYHWO")
Change component parameters (AddParameter): Name = "Manufacturer"; Value = "UNI-ROYAL(Uniroyal Elec)"; VariantName = "[No Variations]"
Change component parameters (AddParameter): Name = "Supplier_JLCPCB"; Value = "C25804"; VariantName = "[No Variations]"
Change component parameters (AddParameter): Name = "Supplier_MOUSER"; Value = "303-0603WAF1002T5E"; VariantName = "[No Variations]"
Change component parameters: Designator = "R13" ("R13"); Footprint = "SMR0603"; UniqueID = "\LBTYXZXC" ("\LBTYXZXC")
Change component parameters (AddParameter): Name = "Manufacturer"; Value = "UNI-ROYAL(Uniroyal Elec)"; VariantName = "[No Variations]"
Change component parameters (AddParameter): Name = "Supplier_JLCPCB"; Value = "C25804"; VariantName = "[No Variations]"
Change component parameters (AddParameter): Name = "Supplier_MOUSER"; Value = "303-0603WAF1002T5E"; VariantName = "[No Variations]"
Change component parameters: Designator = "R14" ("R14"); Footprint = "SMR0603"; UniqueID = "\KHFTXBWL" ("\KHFTXBWL")
Change component parameters (AddParameter): Name = "Manufacturer"; Value = "UNI-ROYAL(Uniroyal Elec)"; VariantName = "[No Variations]"
Change component parameters (AddParameter): Name = "Supplier_JLCPCB"; Value = "C25804"; VariantName = "[No Variations]"
Change component parameters (AddParameter): Name = "Supplier_MOUSER"; Value = "303-0603WAF1002T5E"; VariantName = "[No Variations]"
Change component parameters: Designator = "R18" ("R18"); Footprint = "RES0603"; UniqueID = "\WNKBFJER" ("\WNKBFJER")
Change component parameters (AddParameter): Name = "Manufacturer"; Value = "UNI-ROYAL(Uniroyal Elec)"; VariantName = "[No Variations]"
Change component parameters (AddParameter): Name = "Supplier_JLCPCB"; Value = "C25804"; VariantName = "[No Variations]"
Change component parameters (AddParameter): Name = "Supplier_MOUSER"; Value = "303-0603WAF1002T5E"; VariantName = "[No Variations]"
Change component parameters: Designator = "R20" ("R20"); Footprint = "RES0603"; UniqueID = "\LURJPZNL" ("\LURJPZNL")
Change component parameters (AddParameter): Name = "Manufacturer"; Value = "UNI-ROYAL(Uniroyal Elec)"; VariantName = "[No Variations]"
Change component parameters (AddParameter): Name = "Supplier_JLCPCB"; Value = "C25804"; VariantName = "[No Variations]"
Change component parameters (AddParameter): Name = "Supplier_MOUSER"; Value = "303-0603WAF1002T5E"; VariantName = "[No Variations]"
Change component parameters: Designator = "R21" ("R21"); Footprint = "SMR0603"; UniqueID = "\BGLCJCKN" ("\BGLCJCKN")
Change component parameters (AddParameter): Name = "Manufacturer"; Value = "UNI-ROYAL(Uniroyal Elec)"; VariantName = "[No Variations]"
Change component parameters (AddParameter): Name = "Supplier_JLCPCB"; Value = "C25804"; VariantName = "[No Variations]"
Change component parameters (AddParameter): Name = "Supplier_MOUSER"; Value = "303-0603WAF1002T5E"; VariantName = "[No Variations]"
Change component parameters: Designator = "R22" ("R22"); Footprint = "SMR0603"; UniqueID = "\EEJTHCUV" ("\EEJTHCUV")
Change component parameters (AddParameter): Name = "Manufacturer"; Value = "UNI-ROYAL(Uniroyal Elec)"; VariantName = "[No Variations]"
Change component parameters (AddParameter): Name = "Supplier_JLCPCB"; Value = "C25804"; VariantName = "[No Variations]"
Change component parameters (AddParameter): Name = "Supplier_MOUSER"; Value = "303-0603WAF1002T5E"; VariantName = "[No Variations]"
Change component parameters: Designator = "R23" ("R23"); Footprint = "SMR0603"; UniqueID = "\CJDINGLH" ("\CJDINGLH")
Change component parameters (AddParameter): Name = "Manufacturer"; Value = "UNI-ROYAL(Uniroyal Elec)"; VariantName = "[No Variations]"
Change component parameters (AddParameter): Name = "Supplier_JLCPCB"; Value = "C25804"; VariantName = "[No Variations]"
Change component parameters (AddParameter): Name = "Supplier_MOUSER"; Value = "303-0603WAF1002T5E"; VariantName = "[No Variations]"
Change component parameters: Designator = "R24" ("R24"); Footprint = "SMR0603"; UniqueID = "\GAGRLHFQ" ("\GAGRLHFQ")
Change component parameters (AddParameter): Name = "Manufacturer"; Value = "UNI-ROYAL(Uniroyal Elec)"; VariantName = "[No Variations]"
Change component parameters (AddParameter): Name = "Supplier_JLCPCB"; Value = "C25804"; VariantName = "[No Variations]"
Change component parameters (AddParameter): Name = "Supplier_MOUSER"; Value = "303-0603WAF1002T5E"; VariantName = "[No Variations]"
Change component parameters: Designator = "R27" ("R27"); Footprint = "SMR0603"; UniqueID = "\JKUFPUMT" ("\JKUFPUMT")
Change component parameters (AddParameter): Name = "Manufacturer"; Value = "UNI-ROYAL(Uniroyal Elec)"; VariantName = "[No Variations]"
Change component parameters (AddParameter): Name = "Supplier_JLCPCB"; Value = "C25804"; VariantName = "[No Variations]"
Change component parameters (AddParameter): Name = "Supplier_MOUSER"; Value = "303-0603WAF1002T5E"; VariantName = "[No Variations]"
Change component parameters: Designator = "R29" ("R29"); Footprint = "RES0603"; UniqueID = "\NWQXHNRW" ("\NWQXHNRW")
Change component parameters (AddParameter): Name = "Manufacturer"; Value = "UNI-ROYAL(Uniroyal Elec)"; VariantName = "[No Variations]"
Change component parameters (AddParameter): Name = "Supplier_JLCPCB"; Value = "C25804"; VariantName = "[No Variations]"
Change component parameters (AddParameter): Name = "Supplier_MOUSER"; Value = "303-0603WAF1002T5E"; VariantName = "[No Variations]"
Change component parameters: Designator = "R31" ("R31"); Footprint = "RES0603"; UniqueID = "\NTOLJJWA" ("\NTOLJJWA")
Change component parameters (AddParameter): Name = "Manufacturer"; Value = "UNI-ROYAL(Uniroyal Elec)"; VariantName = "[No Variations]"
Change component parameters (AddParameter): Name = "Supplier_JLCPCB"; Value = "C25804"; VariantName = "[No Variations]"
Change component parameters (AddParameter): Name = "Supplier_MOUSER"; Value = "303-0603WAF1002T5E"; VariantName = "[No Variations]"
Change component parameters: Designator = "R32" ("R32"); Footprint = "SMR0603"; UniqueID = "\NJZQYGQD" ("\NJZQYGQD")
Change component parameters (AddParameter): Name = "Manufacturer"; Value = "UNI-ROYAL(Uniroyal Elec)"; VariantName = "[No Variations]"
Change component parameters (AddParameter): Name = "Supplier_JLCPCB"; Value = "C25804"; VariantName = "[No Variations]"
Change component parameters (AddParameter): Name = "Supplier_MOUSER"; Value = "303-0603WAF1002T5E"; VariantName = "[No Variations]"
Change component parameters: Designator = "R35" ("R35"); Footprint = "RES0603"; UniqueID = "\MFBGQUOA" ("\MFBGQUOA")
Change component parameters (AddParameter): Name = "Manufacturer"; Value = "UNI-ROYAL(Uniroyal Elec)"; VariantName = "[No Variations]"
Change component parameters (AddParameter): Name = "Supplier_JLCPCB"; Value = "C25804"; VariantName = "[No Variations]"
Change component parameters (AddParameter): Name = "Supplier_MOUSER"; Value = "303-0603WAF1002T5E"; VariantName = "[No Variations]"
Added Pin To Net: NetName=NetR2_1 Pin=R4-1
Added Pin To Net: NetName=GND Pin=R4-2
Added Pin To Net: NetName=NetD27_1 Pin=R8-1
Added Pin To Net: NetName=GND Pin=R8-2
Added Pin To Net: NetName=NetD28_1 Pin=R10-1
Added Pin To Net: NetName=GND Pin=R10-2
Added Pin To Net: NetName=SW_LANE3 Pin=R11-1
Added Pin To Net: NetName=SW_LANE4 Pin=R12-1
Added Pin To Net: NetName=NetD31_1 Pin=R18-1
Added Pin To Net: NetName=GND Pin=R18-2
Added Pin To Net: NetName=NetD32_1 Pin=R20-1
Added Pin To Net: NetName=GND Pin=R20-2
Added Pin To Net: NetName=SW_LANE5 Pin=R21-1
Added Pin To Net: NetName=GND Pin=R23-2
Added Pin To Net: NetName=NetD35_1 Pin=R29-1
Added Pin To Net: NetName=GND Pin=R29-2
Added Pin To Net: NetName=NetD36_1 Pin=R31-1
Added Pin To Net: NetName=GND Pin=R31-2
Added Pin To Net: NetName=NetR27_1 Pin=R32-1
Added Pin To Net: NetName=GND Pin=R32-2
Added Pin To Net: NetName=NetD38_1 Pin=R35-1
Added Pin To Net: NetName=GND Pin=R35-2
Added Pin To Net: NetName=NetR11_2 Pin=R11-2
Added Pin To Net: NetName=NetR11_2 Pin=R13-2
Added Pin To Net: NetName=NetR11_2 Pin=SW3-3
Added Net: Name=NetR11_2
Added Pin To Net: NetName=NetR12_2 Pin=R12-2
Added Pin To Net: NetName=NetR12_2 Pin=R14-2
Added Pin To Net: NetName=NetR12_2 Pin=SW4-3
Added Net: Name=NetR12_2
Added Pin To Net: NetName=NetR21_2 Pin=R21-2
Added Pin To Net: NetName=NetR21_2 Pin=R23-1
Added Pin To Net: NetName=NetR21_2 Pin=SW5-3
Added Net: Name=NetR21_2
