Change Component Footprint: Designator=F1 Old Footprint=0452010MRL New Footprint=FUSC6127X294N
Change Component Footprint: Designator=Y1 Old Footprint=FP-ABM3-MFG New Footprint=XTAL_ECS-80-8-30Q-VS-TR
Change Component Footprint: Designator=R7 Old Footprint=RES0603 New Footprint=RESIS_0603
Change Component Footprint: Designator=R9 Old Footprint=RES0603 New Footprint=RESIS_0603
Change Component Footprint: Designator=R17 Old Footprint=RES0603 New Footprint=RESIS_0603
Change Component Footprint: Designator=R19 Old Footprint=RES0603 New Footprint=RESIS_0603
Change Component Footprint: Designator=R28 Old Footprint=RES0603 New Footprint=RESIS_0603
Change Component Footprint: Designator=R30 Old Footprint=RES0603 New Footprint=RESIS_0603
Change Component Footprint: Designator=R34 Old Footprint=RES0603 New Footprint=RESIS_0603
Change Component Footprint: Designator=R48 Old Footprint=RES 0603_1608 New Footprint=SMR0603
Change Component Footprint: Designator=R49 Old Footprint=RES 0603_1608 New Footprint=SMR0603
Change Component Footprint: Designator=R50 Old Footprint=RES 0603_1608 New Footprint=SMR0603
Change Component Footprint: Designator=R51 Old Footprint=RES 0603_1608 New Footprint=SMR0603
Change Component Footprint: Designator=R52 Old Footprint=RES 0603_1608 New Footprint=SMR0603
Change Component Footprint: Designator=R53 Old Footprint=RES 0603_1608 New Footprint=SMR0603
Change Component Footprint: Designator=R54 Old Footprint=RES 0603_1608 New Footprint=SMR0603
Change Component Footprint: Designator=C36 Old Footprint=SMC0603 New Footprint=0402_C
Change Component Footprint: Designator=C37 Old Footprint=SMC0603 New Footprint=0402_C
Change Component Footprint: Designator=RV1 Old Footprint=VAR_B72220S0300K101 New Footprint=VARM10280X380N
Change Component Comment : Designator=R7 Old Comment=16k New Comment=15k
Change Component Comment : Designator=R9 Old Comment=16k New Comment=15k
Change Component Comment : Designator=R17 Old Comment=16k New Comment=15k
Change Component Comment : Designator=R19 Old Comment=16k New Comment=15k
Change Component Comment : Designator=R28 Old Comment=16k New Comment=15k
Change Component Comment : Designator=R30 Old Comment=16k New Comment=15k
Change Component Comment : Designator=R34 Old Comment=16k New Comment=15k
Change Component Comment : Designator=R48 Old Comment=330 Ohms New Comment=RES 150 OHM 1% 1/10W 0603
Change Component Comment : Designator=R49 Old Comment=330 Ohms New Comment=RES 150 OHM 1% 1/10W 0603
Change Component Comment : Designator=R50 Old Comment=330 Ohms New Comment=RES 150 OHM 1% 1/10W 0603
Change Component Comment : Designator=R51 Old Comment=330 Ohms New Comment=RES 150 OHM 1% 1/10W 0603
Change Component Comment : Designator=R52 Old Comment=330 Ohms New Comment=RES 150 OHM 1% 1/10W 0603
Change Component Comment : Designator=R53 Old Comment=330 Ohms New Comment=RES 150 OHM 1% 1/10W 0603
Change Component Comment : Designator=R54 Old Comment=330 Ohms New Comment=RES 150 OHM 1% 1/10W 0603
Change Component Comment : Designator=F1 Old Comment=0452010.MRL New Comment=0452005.MRL
Change Component Comment : Designator=Y1 Old Comment=ABM3-8.000MHZ-D2Y-T New Comment=ECS-80-8-30Q-VS-TR
Change Component Comment : Designator=RV1 Old Comment=B72220S0300K101 New Comment=B72660M0300K072
Change Component Comment : Designator=C36 Old Comment=CAP CER 18PF 50V C0G/NPO 0603 New Comment=8.2pF 25V
Change Component Comment : Designator=C37 Old Comment=CAP CER 18PF 50V C0G/NPO 0603 New Comment=8.2pF 25V
Change component parameters: Designator = "C36" ("C36"); Footprint = "SMC0603"; UniqueID = "\QNYZKHRR" ("\QNYZKHRR")
Change component parameters (AddParameter): Name = "Manifacturer"; Value = "Cal-Chip Electronics, Inc."; VariantName = "[No Variations]"
Change component parameters (AddParameter): Name = "Supplier"; Value = "Digi; 4713-GMC04CG8R2J25NTDKR-ND"; VariantName = "[No Variations]"
Change component parameters: Designator = "C37" ("C37"); Footprint = "SMC0603"; UniqueID = "\IQHHIPDH" ("\IQHHIPDH")
Change component parameters (AddParameter): Name = "Manifacturer"; Value = "Cal-Chip Electronics, Inc."; VariantName = "[No Variations]"
Change component parameters (AddParameter): Name = "Supplier"; Value = "Digi; 4713-GMC04CG8R2J25NTDKR-ND"; VariantName = "[No Variations]"
Change component parameters: Designator = "F1" ("F1"); Footprint = "0452010MRL"; UniqueID = "\VIYRLMPZ" ("\VIYRLMPZ")
Change component parameters (AddParameter): Name = "Manufacturer"; Value = "Littelfuse"; VariantName = "[No Variations]"
Change component parameters (AddParameter): Name = "Supplier"; Value = "Digi; F2607DKR-ND"; VariantName = "[No Variations]"
Change component parameters: Designator = "R7" ("R7"); Footprint = "RES0603"; UniqueID = "\FMJERSDI" ("\FMJERSDI")
Change component parameters (AddParameter): Name = "JLCPCB PART 3"; Value = "C22809"; VariantName = "[No Variations]"
Change component parameters (AddParameter): Name = "Manufacturer"; Value = "UNI-ROYAL(Uniroyal Elec)"; VariantName = "[No Variations]"
Change component parameters (AddParameter): Name = "Mouser Part Number"; Value = "303-0603WAF1502T5E"; VariantName = "[No Variations]"
Change component parameters: Designator = "R9" ("R9"); Footprint = "RES0603"; UniqueID = "\JNXDFLQI" ("\JNXDFLQI")
Change component parameters (AddParameter): Name = "JLCPCB PART 3"; Value = "C22809"; VariantName = "[No Variations]"
Change component parameters (AddParameter): Name = "Manufacturer"; Value = "UNI-ROYAL(Uniroyal Elec)"; VariantName = "[No Variations]"
Change component parameters (AddParameter): Name = "Mouser Part Number"; Value = "303-0603WAF1502T5E"; VariantName = "[No Variations]"
Change component parameters: Designator = "R17" ("R17"); Footprint = "RES0603"; UniqueID = "\NJJFBTGQ" ("\NJJFBTGQ")
Change component parameters (AddParameter): Name = "JLCPCB PART 3"; Value = "C22809"; VariantName = "[No Variations]"
Change component parameters (AddParameter): Name = "Manufacturer"; Value = "UNI-ROYAL(Uniroyal Elec)"; VariantName = "[No Variations]"
Change component parameters (AddParameter): Name = "Mouser Part Number"; Value = "303-0603WAF1502T5E"; VariantName = "[No Variations]"
Change component parameters: Designator = "R19" ("R19"); Footprint = "RES0603"; UniqueID = "\TTQLGYDM" ("\TTQLGYDM")
Change component parameters (AddParameter): Name = "JLCPCB PART 3"; Value = "C22809"; VariantName = "[No Variations]"
Change component parameters (AddParameter): Name = "Manufacturer"; Value = "UNI-ROYAL(Uniroyal Elec)"; VariantName = "[No Variations]"
Change component parameters (AddParameter): Name = "Mouser Part Number"; Value = "303-0603WAF1502T5E"; VariantName = "[No Variations]"
Change component parameters: Designator = "R28" ("R28"); Footprint = "RES0603"; UniqueID = "\YXJLCAQV" ("\YXJLCAQV")
Change component parameters (AddParameter): Name = "JLCPCB PART 3"; Value = "C22809"; VariantName = "[No Variations]"
Change component parameters (AddParameter): Name = "Manufacturer"; Value = "UNI-ROYAL(Uniroyal Elec)"; VariantName = "[No Variations]"
Change component parameters (AddParameter): Name = "Mouser Part Number"; Value = "303-0603WAF1502T5E"; VariantName = "[No Variations]"
Change component parameters: Designator = "R30" ("R30"); Footprint = "RES0603"; UniqueID = "\NXQAJDNY" ("\NXQAJDNY")
Change component parameters (AddParameter): Name = "JLCPCB PART 3"; Value = "C22809"; VariantName = "[No Variations]"
Change component parameters (AddParameter): Name = "Manufacturer"; Value = "UNI-ROYAL(Uniroyal Elec)"; VariantName = "[No Variations]"
Change component parameters (AddParameter): Name = "Mouser Part Number"; Value = "303-0603WAF1502T5E"; VariantName = "[No Variations]"
Change component parameters: Designator = "R34" ("R34"); Footprint = "RES0603"; UniqueID = "\TTOTNHSX" ("\TTOTNHSX")
Change component parameters (AddParameter): Name = "JLCPCB PART 3"; Value = "C22809"; VariantName = "[No Variations]"
Change component parameters (AddParameter): Name = "Manufacturer"; Value = "UNI-ROYAL(Uniroyal Elec)"; VariantName = "[No Variations]"
Change component parameters (AddParameter): Name = "Mouser Part Number"; Value = "303-0603WAF1502T5E"; VariantName = "[No Variations]"
Change component parameters: Designator = "R48" ("R48"); Footprint = "RES 0603_1608"; UniqueID = "\PNMFQBVA" ("\PNMFQBVA")
Change component parameters (AddParameter): Name = "LCSC Manufacturer Part Number"; Value = "RC0603FR-07150RL"; VariantName = "[No Variations]"
Change component parameters (AddParameter): Name = "LCSC Part Number"; Value = "C114608"; VariantName = "[No Variations]"
Change component parameters (AddParameter): Name = "Manufacturer Part Number"; Value = "RC0603FR-07150RL"; VariantName = "[No Variations]"
Change component parameters (AddParameter): Name = "Order Code"; Value = "Digi: 311-150HRTR-ND"; VariantName = "[No Variations]"
Change component parameters (AddParameter): Name = "Sirius Stock Code"; Value = ""; VariantName = "[No Variations]"
Change component parameters (AddParameter): Name = "Value"; Value = "150R"; VariantName = "[No Variations]"
Change component parameters: Designator = "R49" ("R49"); Footprint = "RES 0603_1608"; UniqueID = "\OXTYQZOC" ("\OXTYQZOC")
Change component parameters (AddParameter): Name = "LCSC Manufacturer Part Number"; Value = "RC0603FR-07150RL"; VariantName = "[No Variations]"
Change component parameters (AddParameter): Name = "LCSC Part Number"; Value = "C114608"; VariantName = "[No Variations]"
Change component parameters (AddParameter): Name = "Manufacturer Part Number"; Value = "RC0603FR-07150RL"; VariantName = "[No Variations]"
Change component parameters (AddParameter): Name = "Order Code"; Value = "Digi: 311-150HRTR-ND"; VariantName = "[No Variations]"
Change component parameters (AddParameter): Name = "Sirius Stock Code"; Value = ""; VariantName = "[No Variations]"
Change component parameters (AddParameter): Name = "Value"; Value = "150R"; VariantName = "[No Variations]"
Change component parameters: Designator = "R50" ("R50"); Footprint = "RES 0603_1608"; UniqueID = "\PQUWAUJN" ("\PQUWAUJN")
Change component parameters (AddParameter): Name = "LCSC Manufacturer Part Number"; Value = "RC0603FR-07150RL"; VariantName = "[No Variations]"
Change component parameters (AddParameter): Name = "LCSC Part Number"; Value = "C114608"; VariantName = "[No Variations]"
Change component parameters (AddParameter): Name = "Manufacturer Part Number"; Value = "RC0603FR-07150RL"; VariantName = "[No Variations]"
Change component parameters (AddParameter): Name = "Order Code"; Value = "Digi: 311-150HRTR-ND"; VariantName = "[No Variations]"
Change component parameters (AddParameter): Name = "Sirius Stock Code"; Value = ""; VariantName = "[No Variations]"
Change component parameters (AddParameter): Name = "Value"; Value = "150R"; VariantName = "[No Variations]"
Change component parameters: Designator = "R51" ("R51"); Footprint = "RES 0603_1608"; UniqueID = "\BTYKKZTX" ("\BTYKKZTX")
Change component parameters (AddParameter): Name = "LCSC Manufacturer Part Number"; Value = "RC0603FR-07150RL"; VariantName = "[No Variations]"
Change component parameters (AddParameter): Name = "LCSC Part Number"; Value = "C114608"; VariantName = "[No Variations]"
Change component parameters (AddParameter): Name = "Manufacturer Part Number"; Value = "RC0603FR-07150RL"; VariantName = "[No Variations]"
Change component parameters (AddParameter): Name = "Order Code"; Value = "Digi: 311-150HRTR-ND"; VariantName = "[No Variations]"
Change component parameters (AddParameter): Name = "Sirius Stock Code"; Value = ""; VariantName = "[No Variations]"
Change component parameters (AddParameter): Name = "Value"; Value = "150R"; VariantName = "[No Variations]"
Change component parameters: Designator = "R52" ("R52"); Footprint = "RES 0603_1608"; UniqueID = "\DZGPFADC" ("\DZGPFADC")
Change component parameters (AddParameter): Name = "LCSC Manufacturer Part Number"; Value = "RC0603FR-07150RL"; VariantName = "[No Variations]"
Change component parameters (AddParameter): Name = "LCSC Part Number"; Value = "C114608"; VariantName = "[No Variations]"
Change component parameters (AddParameter): Name = "Manufacturer Part Number"; Value = "RC0603FR-07150RL"; VariantName = "[No Variations]"
Change component parameters (AddParameter): Name = "Order Code"; Value = "Digi: 311-150HRTR-ND"; VariantName = "[No Variations]"
Change component parameters (AddParameter): Name = "Sirius Stock Code"; Value = ""; VariantName = "[No Variations]"
Change component parameters (AddParameter): Name = "Value"; Value = "150R"; VariantName = "[No Variations]"
Change component parameters: Designator = "R53" ("R53"); Footprint = "RES 0603_1608"; UniqueID = "\PMBWGTJP" ("\PMBWGTJP")
Change component parameters (AddParameter): Name = "LCSC Manufacturer Part Number"; Value = "RC0603FR-07150RL"; VariantName = "[No Variations]"
Change component parameters (AddParameter): Name = "LCSC Part Number"; Value = "C114608"; VariantName = "[No Variations]"
Change component parameters (AddParameter): Name = "Manufacturer Part Number"; Value = "RC0603FR-07150RL"; VariantName = "[No Variations]"
Change component parameters (AddParameter): Name = "Order Code"; Value = "Digi: 311-150HRTR-ND"; VariantName = "[No Variations]"
Change component parameters (AddParameter): Name = "Sirius Stock Code"; Value = ""; VariantName = "[No Variations]"
Change component parameters (AddParameter): Name = "Value"; Value = "150R"; VariantName = "[No Variations]"
Change component parameters: Designator = "R54" ("R54"); Footprint = "RES 0603_1608"; UniqueID = "\UCZHIPVF" ("\UCZHIPVF")
Change component parameters (AddParameter): Name = "LCSC Manufacturer Part Number"; Value = "RC0603FR-07150RL"; VariantName = "[No Variations]"
Change component parameters (AddParameter): Name = "LCSC Part Number"; Value = "C114608"; VariantName = "[No Variations]"
Change component parameters (AddParameter): Name = "Manufacturer Part Number"; Value = "RC0603FR-07150RL"; VariantName = "[No Variations]"
Change component parameters (AddParameter): Name = "Order Code"; Value = "Digi: 311-150HRTR-ND"; VariantName = "[No Variations]"
Change component parameters (AddParameter): Name = "Sirius Stock Code"; Value = ""; VariantName = "[No Variations]"
Change component parameters (AddParameter): Name = "Value"; Value = "150R"; VariantName = "[No Variations]"
Change component parameters: Designator = "RV1" ("RV1"); Footprint = "VAR_B72220S0300K101"; UniqueID = "\HERFUTHR" ("\HERFUTHR")
Change component parameters (AddParameter): Name = "Manufacturer"; Value = "TDK"; VariantName = "[No Variations]"
Change component parameters (AddParameter): Name = "Supplier"; Value = "Digi; 495-75323-6-ND"; VariantName = "[No Variations]"
Change component parameters: Designator = "Y1" ("Y1"); Footprint = "FP-ABM3-MFG"; UniqueID = "\PCAHOMLN" ("\PCAHOMLN")
Change component parameters (AddParameter): Name = "Manufacturer"; Value = "ESC Inc."; VariantName = "[No Variations]"
Change component parameters (AddParameter): Name = "Supplier"; Value = "Digi; XC3144DKR-ND"; VariantName = "[No Variations]"
